steam-initial-globals startup_state=0x0 term_flag=0x0 array_count=0x0 array_ptr=0x0
steam-callback-walk entry=0x169c50f8 callback=0x167ee0f3 unwind=0x0 al_after=0x1 next_rva=0x17782b get_process_heap_target=<n/a> get_process_heap_binding=<n/a>
steam-callback-walk entry=0x169c5100 callback=0x167ee122 unwind=0x0 al_after=0x1 next_rva=0x17782b get_process_heap_target=<n/a> get_process_heap_binding=<n/a>
steam-callback-walk entry=0x169c5108 callback=0x167f14cd unwind=0x167f1597 al_after=0x1 next_rva=0x17782b get_process_heap_target=<n/a> get_process_heap_binding=<n/a>
steam-callback-walk entry=0x169c5110 callback=0x166db670 unwind=0x166db670 al_after=0x1 next_rva=0x17782b get_process_heap_target=<n/a> get_process_heap_binding=<n/a>
steam-callback-walk entry=0x169c5118 callback=0x167ec011 unwind=0x167ec069 al_after=0x1 next_rva=0x17782b get_process_heap_target=<n/a> get_process_heap_binding=<n/a>
steam-failing-callback-import thunk=GetProcessHeap thunk_address=0x71000970 eax_after=0x1000 esp_after=0x7000ff94
steam-callback-walk entry=0x169c5120 callback=0x167eb18c unwind=0x167eb19d al_after=0x1 next_rva=0x17782b get_process_heap_target=0x71000970 get_process_heap_binding=GetProcessHeap
steam-callback-walk entry=0x169c5130 callback=0x167ef67c unwind=0x167ef6a8 al_after=0x1 next_rva=0x17782b get_process_heap_target=<n/a> get_process_heap_binding=<n/a>
steam-callback-walk entry=0x169c5138 callback=0x167f048e unwind=0x167f04ee al_after=0x1 next_rva=0x17782b get_process_heap_target=<n/a> get_process_heap_binding=<n/a>
steam-callback-walk entry=0x169c5140 callback=0x167e5548 unwind=0x166db670 al_after=0x1 next_rva=0x17782b get_process_heap_target=<n/a> get_process_heap_binding=<n/a>
steam-post-56ee10 eax=0x730016d0 edi=0x730016d0 esi=0x169c5148 ebx=0xffffffff heap_handle=0x1000 rsp=0x7000ff5c decoded=[0x176f3c:MovReg [Register(Rdi), Register(Rax), ImmediateU64(4)] | 0x176f3e:OrImm [Register(Rbx), ImmediateU64(18446744073709551615), ImmediateU64(4)] | 0x176f41:PopReg [Register(Rcx)] | 0x176f42:Test [Register(Rdi), Register(Rdi), ImmediateU64(4)] | 0x176f44:Jcc [ImmediateU64(0), ImmediateU64(377450356), ImmediateU64(377450310)]]
steam-post-helper block_rva=0x177133 rsp=0x7000ff20 stack0=0x730016d0 stack1=0x16a4c648 stack2=0xffffffff edi=0x730016d0 esi=0x730016d0 ebx=0x4e4 decoded=[0x177133:MovReg [Register(Rbx), Register(Rax), ImmediateU64(4)] | 0x177135:PopReg [Register(Rcx)] | 0x177136:Test [Register(Rbx), Register(Rbx), ImmediateU64(4)] | 0x177138:Jcc [ImmediateU64(0), ImmediateU64(377451246), ImmediateU64(377450814)]]
steam-post-helper block_rva=0x1771a9 rsp=0x7000ff1c stack0=0x730016d0 stack1=0x730016d0 stack2=0x16a4c648 edi=0x730016e8 esi=0x730016d0 ebx=0x4e4 decoded=[0x1771a9:JmpRel [ImmediateU64(377451252)]]
steam-577113-epilogue rsp_before=0x7000ff1c stack0=0x730016d0 stack1=0x730016d0 stack2=0x16a4c648 stack3=0xffffffff edi_before=0x730016e8 esi_before=0x730016d0 rsp_after=0x7000ff28 edi_after=0x730016d0 esi_after=0x16a4c648
steam-post-577113 block_rva=0x176f61 eax=0x0 esi=0x0 edi=0x730016d0 arg_obj=0x169c5148 heap_handle=0x1000 rsp=0x7000ff5c decoded=[0x176f61:MovReg [Register(Rsi), Register(Rax), ImmediateU64(4)] | 0x176f63:PopReg [Register(Rcx)] | 0x176f64:PopReg [Register(Rcx)] | 0x176f65:Cmp [Register(Rsi), Register(Rbx), ImmediateU64(4)] | 0x176f67:Jcc [ImmediateU64(1), ImmediateU64(377450372), ImmediateU64(377450345)]]
steam-post-577113 block_rva=0x176f84 eax=0x0 esi=0x0 edi=0x730016d0 arg_obj=0x169c5148 heap_handle=0x1000 rsp=0x7000ff5c decoded=[0x176f84:Cmp [Memory(MemoryOperand { base: Some(Rbp), index: None, scale: 1, displacement: 12, rip_relative: false, rip_base: 377450376, segment: None, address_size_32: false }), ImmediateU64(0), ImmediateU64(1)] | 0x176f88:Jcc [ImmediateU64(1), ImmediateU64(377450383), ImmediateU64(377450378)]]
steam-callback-walk entry=0x169c5148 callback=0x167f70b8 unwind=0x0 al_after=0x1 next_rva=0x17782b get_process_heap_target=<n/a> get_process_heap_binding=<n/a>
steam-callback-walk entry=0x169c5168 callback=0x166db670 unwind=0x167ee11a al_after=0x1 next_rva=0x17782b get_process_heap_target=<n/a> get_process_heap_binding=<n/a>
steam-callback-walk entry=0x169c5170 callback=0x167ee100 unwind=0x166db670 al_after=0x1 next_rva=0x17782b get_process_heap_target=<n/a> get_process_heap_binding=<n/a>
steam-startup-init block_rva=0x14d10d eax_after=0x1 ecx_after=0x1 state_0x45715c=0x0 rsp_after=0x7000ffc0
steam-startup-init block_rva=0x14d11b eax_after=0x0 ecx_after=0x1 state_0x45715c=0x0 rsp_after=0x7000ffc4
steam-startup-init block_rva=0x14d12e eax_after=0x0 ecx_after=0x1 state_0x45715c=0x0 rsp_after=0x7000ffc4
steam-global-write block_rva=0x14d132 address=0x45715c before=0x0 after=0x1 rip_after=0x16e34b
steam-startup-init block_rva=0x14d132 eax_after=0x0 ecx_after=0x1 state_0x45715c=0x1 rsp_after=0x7000ffb8
steam-initterm-e block_rva=0x16e34b start=0x2e2994 end=0x2e29b8 esi_after=0x16962994 edi_after=0x0 eax_after=0x0
steam-initterm-e block_rva=0x16e36e start=0x0 end=0x5998fff8 esi_after=0x16962994 edi_after=0x0 eax_after=0x0
steam-initterm-e block_rva=0x16e357 start=0x0 end=0x5998fff8 esi_after=0x16962994 edi_after=0x0 eax_after=0x0
steam-initterm-e block_rva=0x16e36b start=0x0 end=0x5998fff8 esi_after=0x16962998 edi_after=0x0 eax_after=0x0
steam-initterm-e block_rva=0x16e357 start=0x0 end=0x5998fff8 esi_after=0x16962998 edi_after=0x167cd02c eax_after=0x0
steam-initterm-e block_rva=0x16e35d start=0x0 end=0x5998fff8 esi_after=0x16962998 edi_after=0x167cd02c eax_after=0x0
steam-initterm-e block_rva=0x16e365 start=0x0 end=0x5998fff8 esi_after=0x16962998 edi_after=0x167cd02c eax_after=0x0
steam-initterm-e block_rva=0x16e367 start=0x0 end=0x5998fff8 esi_after=0x16962998 edi_after=0x167cd02c eax_after=0x0
steam-initterm-e block_rva=0x16e36b start=0x0 end=0x5998fff8 esi_after=0x1696299c edi_after=0x167cd02c eax_after=0x0
steam-initterm-e block_rva=0x16e357 start=0x0 end=0x5998fff8 esi_after=0x1696299c edi_after=0x167cd0d7 eax_after=0x0
steam-initterm-e block_rva=0x16e35d start=0x0 end=0x5998fff8 esi_after=0x1696299c edi_after=0x167cd0d7 eax_after=0x0
steam-initterm-e block_rva=0x16e365 start=0x0 end=0x5998fff8 esi_after=0x1696299c edi_after=0x167cd0d7 eax_after=0x0
steam-initterm-e block_rva=0x16e367 start=0x0 end=0x5998fff8 esi_after=0x1696299c edi_after=0x167cd0d7 eax_after=0x0
steam-initterm-e block_rva=0x16e36b start=0x0 end=0x5998fff8 esi_after=0x169629a0 edi_after=0x167cd0d7 eax_after=0x0
steam-initterm-e block_rva=0x16e357 start=0x0 end=0x5998fff8 esi_after=0x169629a0 edi_after=0x167cc7e5 eax_after=0x0
steam-initterm-e block_rva=0x16e35d start=0x0 end=0x5998fff8 esi_after=0x169629a0 edi_after=0x167cc7e5 eax_after=0x0
steam-initterm-e block_rva=0x16e365 start=0x0 end=0x5998fff8 esi_after=0x169629a0 edi_after=0x167cc7e5 eax_after=0x0
steam-initterm-e block_rva=0x16e367 start=0x0 end=0x5998fff8 esi_after=0x169629a0 edi_after=0x167cc7e5 eax_after=0x0
steam-initterm-e block_rva=0x16e36b start=0x0 end=0x5998fff8 esi_after=0x169629a4 edi_after=0x167cc7e5 eax_after=0x0
steam-initterm-e block_rva=0x16e357 start=0x0 end=0x5998fff8 esi_after=0x169629a4 edi_after=0x167ccbfe eax_after=0x0
steam-initterm-e block_rva=0x16e35d start=0x0 end=0x5998fff8 esi_after=0x169629a4 edi_after=0x167ccbfe eax_after=0x0
steam-initterm-e block_rva=0x16e365 start=0x0 end=0x5998fff8 esi_after=0x169629a4 edi_after=0x167ccbfe eax_after=0x0
steam-initterm-e block_rva=0x16e367 start=0x0 end=0x5998fff8 esi_after=0x169629a4 edi_after=0x167ccbfe eax_after=0x0
steam-initterm-e block_rva=0x16e36b start=0x0 end=0x5998fff8 esi_after=0x169629a8 edi_after=0x167ccbfe eax_after=0x0
steam-initterm-e block_rva=0x16e357 start=0x0 end=0x5998fff8 esi_after=0x169629a8 edi_after=0x167de9b1 eax_after=0x0
steam-initterm-e block_rva=0x16e35d start=0x0 end=0x5998fff8 esi_after=0x169629a8 edi_after=0x167de9b1 eax_after=0x0
steam-initterm-e block_rva=0x16e365 start=0x0 end=0x5998fff8 esi_after=0x169629a8 edi_after=0x167de9b1 eax_after=0x0
steam-global-array-lifecycle block_rva=0x15e9b1 return_rva=0x16e367 count_before=0x0 ptr_before=0x0 count_after=0x0 ptr_after=0x0 eax_after=0x0 esi_after=0x3 edi_after=0x167de9b1 esp_after=0x7000ffa4
steam-global-write block_rva=0x15e9cb address=0x457624 before=0x0 after=0x200 rip_after=0x1720a3
steam-global-write block_rva=0x15e9d8 address=0x457628 before=0x0 after=0x73002590 rip_after=0x16edd6
steam-global-array-lifecycle block_rva=0x15ea1b return_rva=0x2e29a8 count_before=0x200 ptr_before=0x73002590 count_after=0x200 ptr_after=0x73002590 eax_after=0x16a4c060 esi_after=0x16a4c040 edi_after=0x0 esp_after=0x7000ff90
steam-initterm-e block_rva=0x16e367 start=0x0 end=0x5998fff8 esi_after=0x169629a8 edi_after=0x167de9b1 eax_after=0x0
steam-initterm-e block_rva=0x16e36b start=0x0 end=0x5998fff8 esi_after=0x169629ac edi_after=0x167de9b1 eax_after=0x0
steam-initterm-e block_rva=0x16e357 start=0x0 end=0x5998fff8 esi_after=0x169629ac edi_after=0x167eaa24 eax_after=0x0
steam-initterm-e block_rva=0x16e35d start=0x0 end=0x5998fff8 esi_after=0x169629ac edi_after=0x167eaa24 eax_after=0x0
steam-initterm-e block_rva=0x16e365 start=0x0 end=0x5998fff8 esi_after=0x169629ac edi_after=0x167eaa24 eax_after=0x0
steam-initterm-e block_rva=0x16e367 start=0x0 end=0x5998fff8 esi_after=0x169629ac edi_after=0x167eaa24 eax_after=0x0
steam-initterm-e block_rva=0x16e36b start=0x0 end=0x5998fff8 esi_after=0x169629b0 edi_after=0x167eaa24 eax_after=0x0
steam-initterm-e block_rva=0x16e357 start=0x0 end=0x5998fff8 esi_after=0x169629b0 edi_after=0x167f2692 eax_after=0x0
steam-initterm-e block_rva=0x16e35d start=0x0 end=0x5998fff8 esi_after=0x169629b0 edi_after=0x167f2692 eax_after=0x0
steam-initterm-e block_rva=0x16e365 start=0x0 end=0x5998fff8 esi_after=0x169629b0 edi_after=0x167f2692 eax_after=0x0
steam-initterm-e block_rva=0x16e367 start=0x0 end=0x5998fff8 esi_after=0x169629b0 edi_after=0x167f2692 eax_after=0x0
steam-initterm-e block_rva=0x16e36b start=0x0 end=0x5998fff8 esi_after=0x169629b4 edi_after=0x167f2692 eax_after=0x0
steam-initterm-e block_rva=0x16e357 start=0x0 end=0x5998fff8 esi_after=0x169629b4 edi_after=0x167fa64b eax_after=0x0
steam-initterm-e block_rva=0x16e35d start=0x0 end=0x5998fff8 esi_after=0x169629b4 edi_after=0x167fa64b eax_after=0x0
steam-initterm-e block_rva=0x16e365 start=0x0 end=0x5998fff8 esi_after=0x169629b4 edi_after=0x167fa64b eax_after=0x0
steam-initterm-e block_rva=0x16e367 start=0x0 end=0x5998fff8 esi_after=0x169629b4 edi_after=0x167fa64b eax_after=0x0
steam-initterm-e block_rva=0x16e36b start=0x0 end=0x5998fff8 esi_after=0x169629b8 edi_after=0x167fa64b eax_after=0x0
steam-startup-init block_rva=0x14d147 eax_after=0x0 ecx_after=0x169629b8 state_0x45715c=0x1 rsp_after=0x7000ffc4
steam-startup-init block_rva=0x14d15e eax_after=0x0 ecx_after=0x169629b8 state_0x45715c=0x1 rsp_after=0x7000ffb8
steam-global-write block_rva=0x14d16d address=0x45715c before=0x1 after=0x2 rip_after=0x14d180
steam-startup-init block_rva=0x14d16d eax_after=0x4000001 ecx_after=0x16962988 state_0x45715c=0x2 rsp_after=0x7000ffc4
casa1-live-ui create-window hwnd=0x1 class="BootstrapUpdateUIClass" title="" style=0xca0000 pos=-2147483648,0 size=400x129 control_id=0 visible=false
casa1-live-ui create-window hwnd=0x2 class="STATIC" title="" style=0x50000000 pos=15,15 size=365x25 control_id=0 visible=true
DWM hwnd=0x2 msg=0x0030 wp=0xa000 lp=0x0 class="STATIC" label=SendMessageW::WindowProc
DWM -> GWL_WNDPROC=0 (cleared) hwnd=0x2 msg=0x0030
DWM -> default user32 hwnd=0x2 msg=0x0030 kind=Other(48)
casa1-live-ui create-window hwnd=0x3 class="BUTTON" title="Cancel" style=0x50000000 pos=305,64 size=75x25 control_id=0 visible=true
DWM hwnd=0x3 msg=0x0030 wp=0xa000 lp=0x0 class="BUTTON" label=SendMessageW::WindowProc
DWM -> GWL_WNDPROC=0 (cleared) hwnd=0x3 msg=0x0030
DWM -> default user32 hwnd=0x3 msg=0x0030 kind=Other(48)
casa1-live-ui create-window hwnd=0x4 class="msctls_progress32" title="" style=0x50000000 pos=15,40 size=365x14 control_id=0 visible=true
DWM hwnd=0x4 msg=0x0406 wp=0x0 lp=0x64 class="msctls_progress32" label=SendMessageW::WindowProc
DWM -> GWL_WNDPROC=0 (cleared) hwnd=0x4 msg=0x0406
DWM -> builtin hwnd=0x4 msg=0x0406 result=0
casa1-live-ui create-window hwnd=0x5 class="STATIC" title="" style=0x50000000 pos=15,64 size=270x25 control_id=0 visible=true
DWM hwnd=0x5 msg=0x0030 wp=0xa000 lp=0x0 class="STATIC" label=SendMessageW::WindowProc
DWM -> GWL_WNDPROC=0 (cleared) hwnd=0x5 msg=0x0030
DWM -> default user32 hwnd=0x5 msg=0x0030 kind=Other(48)
UNSUPPORTED IMPORT user32.dll!RedrawWindow — add HostThunk variant and dispatch arm
{
  "reason_code": 2002,
  "reason_name": "RC_UNIMPL_INSN",
  "message": "unsupported PE import user32.dll!RedrawWindow",
  "reproduction_hints": []
}
